Rocky-Workstation 
--
1 x Fractal Design 7 XL
1 x Intel XEON (14 Core)
1 x Asus Sage II Workstation Mainboard 
1 x Kingston Fury Beast 128 GB DDR4 (No XMP) 
2 x Western Digital Black 850X (NVME) OS 1 TB
6 x Western Digital Black Black WD4006FZBX 4 TB (HDD) Data
2 x NVIDIA Titan XP
1 x beQuiet Dark Power Pro 12 1500W
6 x beQuiet Silent Wings 4 120 mm
1 x beQuiet Dark Rock Pro 4
1 x PCIe Karte 6 Ports 6,0 Gbps 3.0 PCI Express 

Proxmox VE Server (Community Edition)
--
1 x Fractal Design 7 XL
1 x Intel XEON (14 Core)
1 x Asus Sage II Workstation Mainboard 
1 x Kingston Fury Beast 256 GB DDR4 (No XMP) 
2 x Western Digital Black 850X (NVME) OS 1 TB
14 x Western Digital Black WD4006FZBX 4 TB (HDD) Data
1 x NVIDIA Titan XP
1 x beQuiet Dark Power Pro 12 1500W
6 x beQuiet Silent Wings 4 120 mm
1 x beQuiet Dark Rock Pro 4
2 x PCIe Karte 6 Ports 6,0 Gbps 3.0 PCI Express 

Proxmox Backup-Server (Community Edition)
--
1 x Fractal Design 7 XL
1 x Intel XEON (14 Core)
1 x Asus Sage II Workstation Mainboard 
1 x Kingston Fury Beast 128 GB DDR4 (No XMP) 
2 x Western Digital Black 850X (NVME) OS 1 TB
6 x Western Digital Black WD4006FZBX  4 TB (HDD) Data
1 x NVIDIA Titan XP
1 x beQuiet Dark Power Pro 12 1500W
6 x beQuiet Silent Wings 4 120 mm
1 x beQuiet Dark Rock Pro 4
1 x PCIe Karte 6 Ports 6,0 Gbps 3.0 PCI Express 

Additional Hardware
--
2 x Lenovo W530 Laptop (32 GB / 500 GB Samsung 850 Pro 2.5 SSD) - Mobile Workstation
1 x Lenovo ThinkCentre M920 (32 GB / 500 GB Samsung 850 Pro 2.5 SSD)- T-Pot Honeypot (Community Edition)
1 x ProtectCLI Vault VP2420 - (32 GB / 500 GB Samsung 850 Pro 2.5 SSD) pfSense Firewall
1 x TP-Link WLAN Router Archer BE550 Tri-Band Wi-Fi 7  
2 x TP-Link WLAN Range Extender RE655BE Tri-Band Wi-Fi 7
3 x TP-Link 16 Port Smart Switch TL-SG1016DE
1 x Eizo EV3895 FlexScan Monitor
1 x Unicomp New Model M Tastatur USB (Wired)
1 x Cherry GENTIX 4K Mouse (Wired)
1 x Tapo H100 WLAN Smart Hub
8 x Tapo P110 WLAN Smart Steckdose
8 x Tapo T310 WLAN Smart Temperatur/Luftfeuchtigkeit-Sensor
4 x Tapo T300 WLAN Smart Wasserleck-Sensor
4 x X-Sense SC07-WX Smarter Rauch- und Kohlenmonoxidmelder
1 x Teufel Columa 300 5.1 Audio Surround System
1 x Teufel Cage Headset (Model 2020)
1 x Teufel Internet Radio (Breakfast Radio - BBC Radio Scotland)
1 x Teufel Bamster Pro (Blootooth Speaker Set)
8 x Brennstuhl Alu-Line 19" Überspannungsschutz-Steckdosenleiste 8-fach
1 x SONY BRAVIA XR-85X90L (4K LED 120 Hz 85'' Smart TV)
1 x Playstation 5 + Western Digital Black 850X 1 TB (DarkSoulsAddicted)

Additional vServer (Netcup)
--
1 x Netcup vServer VPS 4000 G10 (Einstein@Home, iperf3 Server) 

Proxmox VM Environment (28 vCPUs, 48 TByte Disks, 256 GByte RAM)
--
1 x Rocky 9 - InfluxDB / Grafana (DataVisualization) || 8 vCPU / 48 GByte RAM / 1 TByte zPool-Disk
1 x Rocky 9 - CheckMK (IT-Infrastructure Monitoring) || 8 vCPU / 48 GByte RAM / 1 TByte zPool-Disk
1 x Rocky 9 - Graylog (Log-Mgmt, Log-Monitoring) || 8 vCPU CPU / 48 GByte RAM / 1 TByte zPool-Disk
1 x Rocky 9 - NFS (Platform-Backup) || 8 vCPU / 8 GByte RAM / 8 TByte zPool-Disk
1 x Rocky 9 - Ansible (Automation) || 8 vCPU / 8 GByte RAM / 1 TByte zPool-Disk 
1 x Rocky 9 - Produktion || 8 vCPU / 8 GByte RAM / 1 TByte zPool-Disk
1 x Rocky 9 - TestUmgebung || 8 vCPU / 8 GByte RAM / 1 TByte zPool-Disk
1 x Rocky 10 - Test || 8 vCPU / 8 GByte RAM / 1 TByte zPool-Disk
1 x KaliLinux - Produktion || 8 vCPU / 8 GByte RAM / 1 TByte zPool-Disk
1 x KaliLinux - Test || 8 vCPU / 8 GByte RAM / 1 TByte zPool-Disk
1 x HomeAssistant - Produktion || 4 vCPU / 8 GByte RAM / 1 TByte zPool-Disk
1 x HomeAssistant - Test || 4 vCPU / 8 GByte RAM / 1 TByte zPool-Disk
1 x pfSense - Test || 8 vCPU / 8 GByte RAM / 1 TByte zPool-Disk
1 x Fedora Workstation - TestUmgebung || 4 vCPU / 8 GByte RAM / 1 TByte zPool-Disk
1 x OpenSolaris - Test || 4 vCPU / 8 GByte RAM / 1 TByte zPool-Disk
1 x Linux Mint - Test || 4 vCPU / 8 GByte RAM / 1 TByte zPool-Disk
